// Jest Snapshot v1, https://goo.gl/fbAQLP

exports[`Should render correctly 1`] = `
<nav
  className="sc-bdVaJa bPufhP"
>
  <a
    className="sc-bwzfXH jCgOeb"
    href="/first"
    onClick={[Function]}
  >
    First
  </a>
  <a
    className="sc-bwzfXH jCgOeb"
    href="/second"
    onClick={[Function]}
  >
    Second
  </a>
</nav>
`;
